c:\users\2101007\onedrive - abertay university\documents\cmp405\projectreal\wffc-edit\woffcedit\wofedit\x64\debug\vc143.pdb
c:\users\2101007\onedrive - abertay university\documents\cmp405\projectreal\wffc-edit\woffcedit\wofedit\x64\debug\vc143.idb
c:\users\2101007\onedrive - abertay university\documents\cmp405\projectreal\wffc-edit\woffcedit\wofedit\x64\debug\toolmain.obj
c:\users\2101007\onedrive - abertay university\documents\cmp405\projectreal\wffc-edit\woffcedit\wofedit\x64\debug\selectdialogue.obj
c:\users\2101007\onedrive - abertay university\documents\cmp405\projectreal\wffc-edit\woffcedit\wofedit\x64\debug\sceneobject.obj
c:\users\2101007\onedrive - abertay university\documents\cmp405\projectreal\wffc-edit\woffcedit\wofedit\x64\debug\mfcmain.obj
c:\users\2101007\onedrive - abertay university\documents\cmp405\projectreal\wffc-edit\woffcedit\wofedit\x64\debug\pch.obj
c:\users\2101007\onedrive - abertay university\documents\cmp405\projectreal\wffc-edit\woffcedit\wofedit\x64\debug\mfcrenderframe.obj
c:\users\2101007\onedrive - abertay university\documents\cmp405\projectreal\wffc-edit\woffcedit\wofedit\x64\debug\mfcframe.obj
c:\users\2101007\onedrive - abertay university\documents\cmp405\projectreal\wffc-edit\woffcedit\wofedit\x64\debug\main.obj
c:\users\2101007\onedrive - abertay university\documents\cmp405\projectreal\wffc-edit\woffcedit\wofedit\x64\debug\game.obj
c:\users\2101007\onedrive - abertay university\documents\cmp405\projectreal\wffc-edit\woffcedit\wofedit\x64\debug\editobject.obj
c:\users\2101007\onedrive - abertay university\documents\cmp405\projectreal\wffc-edit\woffcedit\wofedit\x64\debug\displayobject.obj
c:\users\2101007\onedrive - abertay university\documents\cmp405\projectreal\wffc-edit\woffcedit\wofedit\x64\debug\displaychunk.obj
c:\users\2101007\onedrive - abertay university\documents\cmp405\projectreal\wffc-edit\woffcedit\wofedit\x64\debug\deviceresources.obj
c:\users\2101007\onedrive - abertay university\documents\cmp405\projectreal\wffc-edit\woffcedit\wofedit\x64\debug\chunkobject.obj
c:\users\2101007\onedrive - abertay university\documents\cmp405\projectreal\wffc-edit\woffcedit\wofedit\x64\debug\camera.obj
c:\users\2101007\onedrive - abertay university\documents\cmp405\projectreal\wffc-edit\woffcedit\wofedit\x64\debug\sqlite3.obj
c:\users\2101007\onedrive - abertay university\documents\cmp405\projectreal\wffc-edit\woffcedit\x64\debug\wofedit.exe
c:\users\2101007\onedrive - abertay university\documents\cmp405\projectreal\wffc-edit\woffcedit\x64\debug\wofedit.pdb
c:\users\2101007\onedrive - abertay university\documents\cmp405\projectreal\wffc-edit\woffcedit\wofedit\x64\debug\win32simplesample.res
c:\users\2101007\onedrive - abertay university\documents\cmp405\projectreal\wffc-edit\woffcedit\wofedit\x64\debug\wofedit.ilk
c:\users\crshe\documents\uni\tools\wffc-edit\woffcedit\wofedit\x64\debug\camera.obj
c:\users\crshe\documents\uni\tools\wffc-edit\woffcedit\wofedit\x64\debug\chunkobject.obj
c:\users\crshe\documents\uni\tools\wffc-edit\woffcedit\wofedit\x64\debug\deviceresources.obj
c:\users\crshe\documents\uni\tools\wffc-edit\woffcedit\wofedit\x64\debug\displaychunk.obj
c:\users\crshe\documents\uni\tools\wffc-edit\woffcedit\wofedit\x64\debug\displayobject.obj
c:\users\crshe\documents\uni\tools\wffc-edit\woffcedit\wofedit\x64\debug\editobject.obj
c:\users\crshe\documents\uni\tools\wffc-edit\woffcedit\wofedit\x64\debug\game.obj
c:\users\crshe\documents\uni\tools\wffc-edit\woffcedit\wofedit\x64\debug\main.obj
c:\users\crshe\documents\uni\tools\wffc-edit\woffcedit\wofedit\x64\debug\mfcframe.obj
c:\users\crshe\documents\uni\tools\wffc-edit\woffcedit\wofedit\x64\debug\mfcmain.obj
c:\users\crshe\documents\uni\tools\wffc-edit\woffcedit\wofedit\x64\debug\mfcrenderframe.obj
c:\users\crshe\documents\uni\tools\wffc-edit\woffcedit\wofedit\x64\debug\pch.obj
c:\users\crshe\documents\uni\tools\wffc-edit\woffcedit\wofedit\x64\debug\sceneobject.obj
c:\users\crshe\documents\uni\tools\wffc-edit\woffcedit\wofedit\x64\debug\selectdialogue.obj
c:\users\crshe\documents\uni\tools\wffc-edit\woffcedit\wofedit\x64\debug\sqlite3.obj
c:\users\crshe\documents\uni\tools\wffc-edit\woffcedit\wofedit\x64\debug\toolmain.obj
c:\users\crshe\documents\uni\tools\wffc-edit\woffcedit\wofedit\x64\debug\wofedit.ilk
c:\users\crshe\documents\uni\tools\wffc-edit\woffcedit\wofedit\x64\debug\win32simplesample.res
c:\users\crshe\documents\uni\tools\wffc-edit\woffcedit\wofedit\x64\debug\vc143.idb
c:\users\crshe\documents\uni\tools\wffc-edit\woffcedit\wofedit\x64\debug\vc143.pdb
c:\users\crshe\documents\uni\tools\wffc-edit\woffcedit\x64\debug\wofedit.pdb
c:\users\crshe\documents\uni\tools\wffc-edit\woffcedit\x64\debug\wofedit.exe
c:\users\crshe\documents\uni\tools\wffc-edit\woffcedit\wofedit\x64\debug\wofedit.tlog\cl.command.1.tlog
c:\users\crshe\documents\uni\tools\wffc-edit\woffcedit\wofedit\x64\debug\wofedit.tlog\cl.items.tlog
c:\users\crshe\documents\uni\tools\wffc-edit\woffcedit\wofedit\x64\debug\wofedit.tlog\cl.read.1.tlog
c:\users\crshe\documents\uni\tools\wffc-edit\woffcedit\wofedit\x64\debug\wofedit.tlog\cl.write.1.tlog
c:\users\crshe\documents\uni\tools\wffc-edit\woffcedit\wofedit\x64\debug\wofedit.tlog\link.command.1.tlog
c:\users\crshe\documents\uni\tools\wffc-edit\woffcedit\wofedit\x64\debug\wofedit.tlog\link.read.1.tlog
c:\users\crshe\documents\uni\tools\wffc-edit\woffcedit\wofedit\x64\debug\wofedit.tlog\link.secondary.1.tlog
c:\users\crshe\documents\uni\tools\wffc-edit\woffcedit\wofedit\x64\debug\wofedit.tlog\link.write.1.tlog
c:\users\crshe\documents\uni\tools\wffc-edit\woffcedit\wofedit\x64\debug\wofedit.tlog\rc.command.1.tlog
c:\users\crshe\documents\uni\tools\wffc-edit\woffcedit\wofedit\x64\debug\wofedit.tlog\rc.read.1.tlog
c:\users\crshe\documents\uni\tools\wffc-edit\woffcedit\wofedit\x64\debug\wofedit.tlog\rc.write.1.tlog
